should match snapshot of webhook hpa default values:
  1: |
    apiVersion: autoscaling/v2
    kind: HorizontalPodAutoscaler
    metadata:
      labels:
        app.kubernetes.io/component: webhook
        app.kubernetes.io/instance: n8n
        app.kubernetes.io/managed-by: Helm
        app.kubernetes.io/name: n8n-webhook
        app.kubernetes.io/version: 1.0.0
        helm.sh/chart: n8n-1.0.0
      name: n8n-webhook
    spec:
      maxReplicas: 10
      metrics:
        - resource:
            name: cpu
            target:
              averageUtilization: 80
              type: Utilization
          type: Resource
      minReplicas: 2
      scaleTargetRef:
        apiVersion: apps/v1
        kind: Deployment
        name: n8n-webhook
should match snapshot of worker hpa default values:
  1: |
    apiVersion: autoscaling/v2
    kind: HorizontalPodAutoscaler
    metadata:
      labels:
        app.kubernetes.io/component: worker
        app.kubernetes.io/instance: n8n
        app.kubernetes.io/managed-by: Helm
        app.kubernetes.io/name: n8n-worker
        app.kubernetes.io/version: 1.0.0
        helm.sh/chart: n8n-1.0.0
      name: n8n-worker
    spec:
      maxReplicas: 10
      metrics:
        - resource:
            name: memory
            target:
              averageUtilization: 80
              type: Utilization
          type: Resource
        - resource:
            name: cpu
            target:
              averageUtilization: 80
              type: Utilization
          type: Resource
      minReplicas: 2
      scaleTargetRef:
        apiVersion: apps/v1
        kind: Deployment
        name: n8n-worker
