should match snapshot of default values:
  1: |
    apiVersion: v1
    data:
      N8N_ENCRYPTION_KEY: bXktc2VjcmV0LWtleQ==
    kind: Secret
    metadata:
      annotations:
        meta.helm.sh/release-name: n8n
        meta.helm.sh/release-namespace: n8n
      labels:
        app: n8n
        app.kubernetes.io/managed-by: Helm
        chart: n8n-1.0.0
        heritage: Helm
        release: n8n
      name: n8n-encryption-key-secret-v2
      namespace: n8n
    type: Opaque
