should match snapshot of default values:
  1: |
    apiVersion: v1
    automountServiceAccountToken: true
    kind: ServiceAccount
    metadata:
      annotations:
        eks.amazonaws.com/role-arn: arn:aws:iam::111122223333:role/iam-role-name
      labels:
        app.kubernetes.io/instance: n8n
        app.kubernetes.io/managed-by: Helm
        app.kubernetes.io/name: n8n
        app.kubernetes.io/version: 1.0.0
        helm.sh/chart: n8n-1.0.0
      name: n8n
