should match snapshot of default values:
  1: |
    apiVersion: v1
    kind: Service
    metadata:
      annotations:
        test-key: test-value
      labels:
        app.kubernetes.io/instance: n8n
        app.kubernetes.io/managed-by: Helm
        app.kubernetes.io/name: n8n
        app.kubernetes.io/version: 1.0.0
        helm.sh/chart: n8n-1.0.0
      name: n8n
    spec:
      ports:
        - name: http
          port: 5678
          protocol: TCP
          targetPort: http
      selector:
        app.kubernetes.io/instance: n8n
        app.kubernetes.io/name: n8n
      type: ClusterIP
