should use different path for sqlite:
  1: |
    apiVersion: v1
    kind: Secret
    metadata:
      labels:
        app: mlflow
        chart: mlflow-1.0.0
        heritage: Helm
        release: mlflow
      name: mlflow-auth-config-secret
    stringData:
      basic_auth.ini: |-
        [mlflow]
        default_permission = READ
        database_uri = sqlite:////volumes/authbasic_auth.db
        admin_username = admin
        admin_password = thisisnotasecret
        authorization_function = mlflow.server.auth:authenticate_request_basic_auth
    type: Opaque
should use ldap configurations when ldap auth enabled:
  1: |
    apiVersion: v1
    kind: Secret
    metadata:
      labels:
        app: mlflow
        chart: mlflow-1.0.0
        heritage: Helm
        release: mlflow
      name: mlflow-auth-config-secret
    stringData:
      ldap_basic_auth.ini: |-
        [mlflow]
        default_permission = READ
        database_uri = sqlite:///ldap_basic_auth.db
        admin_username = fakeuser
        admin_password = fakepassword
        authorization_function = mlflowstack.auth.ldap:authenticate_request_basic_auth
    type: Opaque
should use postgres when auth enabled and postgres backend enabled:
  1: |
    apiVersion: v1
    kind: Secret
    metadata:
      labels:
        app: mlflow
        chart: mlflow-1.0.0
        heritage: Helm
        release: mlflow
      name: mlflow-auth-config-secret
    stringData:
      basic_auth.ini: |-
        [mlflow]
        default_permission = READ
        database_uri = postgresql://authuser:authpassword@postgresdb:1234/auth
        admin_username = admin
        admin_password = thisisnotasecret
        authorization_function = mlflow.server.auth:authenticate_request_basic_auth
    type: Opaque
should use slash only path for sqlite:
  1: |
    apiVersion: v1
    kind: Secret
    metadata:
      labels:
        app: mlflow
        chart: mlflow-1.0.0
        heritage: Helm
        release: mlflow
      name: mlflow-auth-config-secret
    stringData:
      basic_auth.ini: |-
        [mlflow]
        default_permission = READ
        database_uri = sqlite:////basic_auth.db
        admin_username = admin
        admin_password = thisisnotasecret
        authorization_function = mlflow.server.auth:authenticate_request_basic_auth
    type: Opaque
should use sqlite on default when auth enabled:
  1: |
    apiVersion: v1
    kind: Secret
    metadata:
      labels:
        app: mlflow
        chart: mlflow-1.0.0
        heritage: Helm
        release: mlflow
      name: mlflow-auth-config-secret
    stringData:
      basic_auth.ini: |-
        [mlflow]
        default_permission = READ
        database_uri = sqlite:///basic_auth.db
        admin_username = admin
        admin_password = thisisnotasecret
        authorization_function = mlflow.server.auth:authenticate_request_basic_auth
    type: Opaque
should work with postgres driver:
  1: |
    apiVersion: v1
    kind: Secret
    metadata:
      labels:
        app: mlflow
        chart: mlflow-1.0.0
        heritage: Helm
        release: mlflow
      name: mlflow-auth-config-secret
    stringData:
      basic_auth.ini: |-
        [mlflow]
        default_permission = READ
        database_uri = postgresql+psycopg2://authuser:authpassword@postgresdb:5432/auth
        admin_username = admin
        admin_password = thisisnotasecret
        authorization_function = mlflow.server.auth:authenticate_request_basic_auth
    type: Opaque
